version https://git-lfs.github.com/spec/v1
oid sha256:b5dd68b593c02823f6cfbff2f6a11b57307d28e215667e427bd733a86520e38a
size 20
