version https://git-lfs.github.com/spec/v1
oid sha256:f6796de2efb9f5d95c88ad088eddd5e8d9bbe815be1739abe9ae28b110bafa52
size 17
