version https://git-lfs.github.com/spec/v1
oid sha256:186e6bc556fb33f7c12c331c391b076c25266c344d610153665e8b5d1d1e23f7
size 27
