version https://git-lfs.github.com/spec/v1
oid sha256:97a3da8715bacd8d110e61b405a83c40a904c135c858406e5dd9d70fbc160868
size 253
