version https://git-lfs.github.com/spec/v1
oid sha256:ee26f9f4181f0f1adfcaee0a465be10b456fce2cab3e1cb91447ff4104d5358e
size 33
