version https://git-lfs.github.com/spec/v1
oid sha256:cf632f2dd0eb3dc828acaf2e8c397e910edc20fdc3eb15ee9d714d9c414cbf86
size 66
