version https://git-lfs.github.com/spec/v1
oid sha256:7c8c1a169eb28d4dea5be22b623b44d038b0f023af7d5a293bd300c4b713fd50
size 307
