version https://git-lfs.github.com/spec/v1
oid sha256:66f8b96884516fe7040af8c499db42b2a8ce904deb38aa30ad0b9a228ec992b8
size 108
