version https://git-lfs.github.com/spec/v1
oid sha256:5c5b200f42578fdb46c45c0e8a6cb4eeca9fd86c0c5ac0f4d98d59672ea4804e
size 80
