version https://git-lfs.github.com/spec/v1
oid sha256:68698b3ecd62d38f09a83fa0e7241cf3027f7a7cfe2fdded11a6e40f9f4ff452
size 88
