version https://git-lfs.github.com/spec/v1
oid sha256:86bd07ab4a836c7d989a91c2110f12e6600422009f20f5d11229e033c6d58564
size 310
