version https://git-lfs.github.com/spec/v1
oid sha256:93ce5fbc27ab55840ea926a626ca45498452e900df7d374487e204e8c1373120
size 32
