version https://git-lfs.github.com/spec/v1
oid sha256:296ab19387cf688cc940d4b90463d3d3e5da22fbe498a18cc4646642e82c22ac
size 64
